1790000879 21067796
1790000880 20682580
1790000882 20384432
1790000883 20584032
1790000885 20309420
1790000886 20285448
1790000888 20086884
1790000890 20237912
1790000891 20261396
1790000893 20248508
1790000894 20207100
1790000896 20200072
1790000897 19428956
1790000899 20405232
1790000900 20146060
1790000902 20129304
1790000903 20734948
1790000905 20518356
1790000906 18754108
1790000908 18821856
1790000909 18945796
1790000911 19855592
1790000912 19738868
1790000914 19441904
1790000915 19599536
1790000917 19567380
1790000918 19560876
1790000920 19554004
1790000921 19535280
1790000923 20263260
1790000924 18436276
1790000926 19490872
1790000927 19439800
1790000929 19420068
1790000930 19397288
1790000932 20171060
1790000933 18935652
1790000935 19633044
1790000936 19097948
1790000938 19594656
1790000939 19599288
1790000941 19067600
1790000942 19571164
1790000944 18394052
1790000945 19026684
1790000947 19047672
1790000948 19062940
1790000950 19566968
1790000951 18247424
1790000953 19305776
1790000954 19043056
1790000956 19011176
1790000957 18347724
1790000959 19008780
1790000960 19009900
1790000962 20025972
1790000963 19003088
1790000965 19008304
1790000966 20047388
1790000968 19000344
1790000969 19001084
1790000971 19535236
1790000972 18456648
1790000974 18978136
1790000975 18956832
1790000977 18023580
1790000978 18895160
1790000980 18990956
1790000981 18498320
1790000983 18935392
1790000984 19471500
1790000986 18956088
1790000987 18929788
1790000989 17821324
1790000990 18900928
1790000992 17841168
1790000993 18921540
1790000995 19171320
1790000996 18867272
1790000998 18837004
1790000999 18004516
1790001001 18862452
1790001002 17709540
1790001004 18848340
1790001005 17706000
1790001007 18854696
1790001008 17647264
1790001010 18792892
1790001011 17600904
1790001013 18776376
1790001014 17576712
1790001016 18741348
1790001017 18757336
1790001019 18720336
1790001020 18718248
1790001022 18712144
1790001023 18667780
1790001025 19179932
1790001026 18680748
1790001028 19588080
1790001029 18648808
1790001031 19655492
1790001032 18650148
1790001034 17342372
1790001036 18617448
1790001037 17576396
1790001039 18598364
1790001040 18619728
1790001042 19662504
1790001043 18586504
1790001045 17294736
1790001046 18593632
1790001048 18610376
1790001049 19367900
1790001051 18568484
1790001052 17223228
1790001054 18546704
1790001055 18527248
1790001057 19565384
1790001058 18515744
1790001060 17525484
1790001061 19003744
1790001063 18498428
1790001064 17118556
1790001066 18489748
1790001067 18481472
1790001069 17079932
1790001070 18417576
1790001072 18434360
1790001073 17001968
1790001075 18451972
1790001076 18429348
1790001078 16988580
1790001079 18936068
1790001081 18407216
1790001082 16953264
1790001084 18931488
1790001085 18355564
1790001087 18353504
1790001088 17959212
1790001090 18354676
1790001091 18344572
1790001093 16857120
1790001094 18323048
1790001096 18317948
1790001097 16809684
1790001099 19374160
1790001100 18282736
1790001102 18298056
1790001103 16739088
1790001105 18812480
1790001106 18270576
1790001108 18290072
1790001109 16752236
1790001111 18308304
1790001112 18285564
1790001114 18283208
1790001115 16686624
1790001117 18260484
1790001118 18238364
1790001120 18218044
1790001121 16656900
1790001123 19275920
1790001124 18760536
1790001126 18400536
1790001127 18243728
1790001129 18649348
1790001130 18125272
1790001132 19309212
1790001133 19016192
1790001135 18254196
1790001136 18090988
1790001138 18061960
1790001139 16151308
1790001141 16152344
1790001142 19131068
1790001144 18324124
1790001145 18334836
1790001147 18332644
1790001148 16363436
1790001150 16358336
1790001151 18856568
1790001153 18338356
1790001154 18304852
1790001156 18307760
1790001157 16302296
1790001159 16191388
1790001160 19218388
1790001162 18176184
1790001163 18218788
