1789998953 18772328
1789998954 18602108
1789998956 15882692
1789998957 16191852
1789998959 16172508
1789998960 16157760
1789998962 15641868
1789998963 16306608
1789998965 16232692
1789998966 16248560
1789998968 15896544
1789998969 14355856
1789998971 15575764
1789998972 15902052
1789998974 15906296
1789998975 15919900
1789998977 15951640
1789998978 15938204
1789998980 17004076
1789998981 15685744
1789998983 15707548
1789998984 15709256
1789998986 15713360
1789998987 15744604
1789998989 15627916
1789998990 15632564
1789998992 15035232
1789998993 14056160
1789998995 14997112
1789998996 13937916
1789998998 14949160
1789998999 15906324
1789999001 14873228
1789999002 15238480
1789999004 15253248
1789999005 16505908
1789999007 15213600
1789999008 15181656
1789999010 15162048
1789999011 15224380
1789999013 15204352
1789999015 15061064
1789999016 15060168
1789999018 14959580
1789999019 14919296
1789999021 14874456
1789999022 14848604
1789999024 14806504
1789999025 14803564
1789999027 14742948
1789999028 14741640
1789999030 16000776
1789999031 14686224
1789999033 15286700
1789999034 14570116
1789999036 12164744
1789999037 14530492
1789999039 12023536
1789999040 14442304
1789999042 11878504
1789999043 14402024
1789999045 14398808
1789999046 14487552
1789999048 14498804
1789999049 14258988
1789999051 14261544
1789999052 15193240
1789999054 14188100
1789999055 11341172
1789999057 14135776
1789999058 11255076
1789999060 14126320
1789999061 13597640
1789999063 13957488
1789999064 13988048
1789999066 13946348
1789999067 13914968
1789999069 10805128
1789999070 13806172
1789999072 10633960
1789999073 13742076
1789999075 13734976
1789999076 13664776
1789999078 13683352
1789999079 10369424
1789999081 13596512
1789999082 10399744
1789999084 13549676
1789999085 13563756
1789999087 15685684
1789999088 13530412
1789999090 9995772
1789999091 13411184
1789999093 13405812
1789999094 15402596
1789999096 13585352
1789999097 9830124
1789999099 13319400
1789999100 13339148
1789999102 15966576
1789999103 13259948
1789999105 9458064
1789999106 13174884
1789999108 13168224
1789999109 15170104
1789999111 12976108
1789999112 9069136
1789999114 13085508
1789999115 13071492
1789999117 14380148
1789999118 13022636
1789999120 8958072
1789999121 12748100
1789999123 12771580
1789999124 8666008
1789999126 12806628
1789999127 12108468
1789999129 12729788
1789999130 12734672
1789999132 8513644
1789999133 12593332
1789999135 12607004
1789999136 11418584
1789999138 12611920
1789999139 8236276
1789999141 12495224
1789999142 12519684
1789999144 8119128
1789999145 12328416
1789999147 12331668
1789999148 7827336
1789999150 12419464
1789999152 12400276
1789999153 7824076
1789999155 12324988
1789999156 9174216
1789999158 10778660
1789999159 12137104
1789999161 7635784
1789999162 14726648
1789999164 12255296
1789999165 7462784
1789999167 13528156
1789999168 12032412
1789999170 7155520
1789999171 12304100
1789999173 12094396
1789999174 7179216
1789999176 11900612
1789999177 11886736
1789999179 6913928
1789999180 11974592
1789999182 11977804
1789999183 6945184
1789999185 11802096
1789999186 11805180
1789999188 6716800
1789999189 12177248
1789999191 11852740
1789999192 6669304
1789999194 13678576
1789999195 11636500
1789999197 6398160
1789999198 13042656
1789999200 11892552
1789999201 11884512
