1790006093 19444204
1790006094 19205264
1790006096 18157384
1790006097 18494684
1790006099 18559500
1790006100 18348652
1790006102 17919052
1790006103 18415340
1790006105 18402920
1790006106 18236780
1790006108 18379952
1790006109 18259328
1790006111 19311960
1790006112 18256536
1790006114 17761048
1790006115 17762304
1790006117 17785268
1790006118 17785344
1790006120 17733908
1790006121 17211432
1790006123 19269296
1790006125 18091972
1790006126 17588364
1790006128 17405652
1790006129 17416048
1790006131 17463608
1790006132 17460488
1790006134 17473384
1790006135 17440928
1790006137 17412668
1790006138 16808204
1790006140 16778340
1790006141 17765052
1790006143 18863380
1790006144 18351448
1790006146 18083652
1790006147 17847584
1790006149 17831780
1790006150 17797116
1790006152 18261432
1790006153 18233556
1790006155 18309100
1790006156 18711972
1790006158 18709140
1790006159 18689448
1790006161 16294744
1790006162 15760748
1790006164 15747896
1790006165 15712228
1790006167 15720692
1790006168 17098944
1790006170 17066052
1790006171 17034636
1790006173 16985332
1790006174 16998308
1790006176 16988704
1790006177 16999384
1790006179 17006652
1790006180 16953072
1790006182 16940864
1790006183 17455188
1790006185 18469020
1790006186 15307248
1790006188 15270564
1790006189 16865544
1790006191 16830328
1790006192 16777844
1790006194 16714548
1790006195 16759508
1790006197 16983236
1790006198 17124372
1790006200 15042404
1790006201 16758416
1790006203 16764452
1790006204 16725348
1790006206 16650372
1790006207 16645680
1790006209 17171752
1790006210 14835632
1790006212 15307792
1790006213 16600296
1790006215 16600484
1790006216 16583904
1790006218 16757204
1790006219 14656484
1790006221 15082652
1790006222 16500956
1790006224 16461672
1790006225 16456688
1790006227 17386196
1790006228 14491136
1790006230 16468608
1790006231 16453948
1790006233 16445816
1790006234 16427752
1790006236 14379212
1790006237 15285336
1790006239 16379364
1790006240 16388844
1790006242 16370456
1790006243 14234728
1790006245 16320756
1790006246 16277644
1790006248 16263336
1790006249 16799848
1790006251 14132180
1790006252 16289916
1790006254 16256828
1790006255 16243624
1790006257 13985752
1790006258 16226820
1790006260 16165772
1790006261 17717256
1790006263 13849100
1790006265 16157944
1790006266 16104032
1790006268 17128056
1790006269 13758432
1790006271 16061628
1790006272 16048664
1790006274 17426276
1790006275 13652712
1790006277 16014284
1790006278 15947704
1790006280 15625816
1790006281 13535624
1790006283 15964924
1790006284 15988860
1790006286 13527328
1790006287 15952372
1790006289 15934780
1790006290 15904596
1790006292 13378004
1790006293 15876736
1790006295 15860852
1790006296 13307528
1790006298 15879224
1790006299 15847324
1790006301 16368864
1790006302 13248096
1790006304 15840584
1790006305 15825284
1790006307 13191636
1790006308 15789980
1790006310 15769724
1790006311 13115952
1790006313 15791196
1790006314 15746192
1790006316 13047008
1790006317 15724128
1790006319 16275952
1790006320 12857132
1790006322 15569136
1790006323 16641700
1790006325 13124532
1790006326 15592632
1790006328 12783788
1790006329 15591412
1790006331 15534552
1790006332 12755320
1790006334 15577740
1790006335 12771824
1790006337 15600152
1790006338 15613520
1790006340 12708296
1790006341 15571972
1790006343 14227060
1790006344 15591584
1790006346 15681336
1790006347 15705620
